// Jest Snapshot v1, https://goo.gl/fbAQLP

exports[`the Subheader component should render with a dynamic title  1`] = `ShallowWrapper {}`;
